// Jest Snapshot v1, https://goo.gl/fbAQLP

exports[`App should match snapshot 1`] = `
<DocumentFragment>
  <header
    class="App-Header"
  >
    <a
      href="/"
    >
      Home
    </a>
    <a
      href="/otherpage"
    >
      Other Page
    </a>
  </header>
  <div>
    <div>
      Fib
    </div>
  </div>
</DocumentFragment>
`;
